// Jest Snapshot v1, https://goo.gl/fbAQLP

exports[`BoxscorePlayerPointStats attribute population from local object parses data correctly 1`] = `
BoxscorePlayerPointStats {
  "defensive0PointsAllowed": 10,
  "defensive100To199YardsAllowed": -10,
  "defensive14To17PointsAllowed": 10,
  "defensive1To6PointsAllowed": 10,
  "defensive200To299YardsAllowed": 10,
  "defensive28To34PointsAllowed": 10,
  "defensive350To399YardsAllowed": -10,
  "defensive35To45PointsAllowed": 10,
  "defensive400To449YardsAllowed": 10,
  "defensive450To499YardsAllowed": 10,
  "defensive500To549YardsAllowed": 10,
  "defensive7To13PointsAllowed": 10,
  "defensiveBlockedKickForTouchdowns": 10,
  "defensiveBlockedKicks": 10,
  "defensiveFumbles": 10,
  "defensiveInterceptions": 10,
  "defensiveOver550YardsAllowed": 10,
  "defensiveSacks": 10,
  "defensiveSafeties": 10,
  "fumbleReturnTouchdown": 10,
  "interceptionReturnTouchdown": 10,
  "kickoffReturnTouchdown": 10,
  "lostFumbles": 10,
  "madeExtraPoints": 10,
  "madeFieldGoalsFrom40To49": 10,
  "madeFieldGoalsFrom50Plus": 10,
  "madeFieldGoalsFromUnder40": 10,
  "missedExtraPoints": 10,
  "missedFieldGoals": 10,
  "passing2PtConversions": 10,
  "passingInterceptions": 10,
  "passingTouchdowns": 10,
  "passingYards": 10,
  "puntReturnTouchdown": 10,
  "receiving2PtConversions": 10,
  "receivingReceptions": 10,
  "receivingTouchdowns": 10,
  "receivingYards": 10,
  "rushing2PtConversions": 10,
  "rushingTouchdowns": 10,
  "rushingYards": 10,
}
`;

exports[`BoxscorePlayerPointStats attribute population from server response parses data correctly 1`] = `
BoxscorePlayerPointStats {
  "defensive0PointsAllowed": 10,
  "defensive100To199YardsAllowed": -10,
  "defensive14To17PointsAllowed": 10,
  "defensive1To6PointsAllowed": 10,
  "defensive200To299YardsAllowed": 10,
  "defensive28To34PointsAllowed": 10,
  "defensive350To399YardsAllowed": -10,
  "defensive35To45PointsAllowed": 10,
  "defensive400To449YardsAllowed": 10,
  "defensive450To499YardsAllowed": 10,
  "defensive500To549YardsAllowed": 10,
  "defensive7To13PointsAllowed": 10,
  "defensiveBlockedKickForTouchdowns": 10,
  "defensiveBlockedKicks": 10,
  "defensiveFumbles": 10,
  "defensiveInterceptions": 10,
  "defensiveOver550YardsAllowed": 10,
  "defensiveSacks": 10,
  "defensiveSafeties": 10,
  "fumbleReturnTouchdown": 10,
  "interceptionReturnTouchdown": 10,
  "kickoffReturnTouchdown": 10,
  "lostFumbles": 10,
  "madeExtraPoints": 10,
  "madeFieldGoalsFrom40To49": 10,
  "madeFieldGoalsFrom50Plus": 10,
  "madeFieldGoalsFromUnder40": 10,
  "missedExtraPoints": 10,
  "missedFieldGoals": 10,
  "passing2PtConversions": 10,
  "passingInterceptions": 10,
  "passingTouchdowns": 10,
  "passingYards": 10,
  "puntReturnTouchdown": 10,
  "receiving2PtConversions": 10,
  "receivingReceptions": 10,
  "receivingTouchdowns": 10,
  "receivingYards": 10,
  "rushing2PtConversions": 10,
  "rushingTouchdowns": 10,
  "rushingYards": 10,
}
`;
