// Jest Snapshot v1, https://goo.gl/fbAQLP

exports[`SlottedPlayer attribute population from local object parses data correctly 1`] = `
SlottedPlayer {
  "isKeeper": false,
  "isLocked": true,
  "player": Player {
    "eligiblePositions": Array [
      "QB",
      "Bench",
    ],
    "firstName": "Tom",
    "isActive": true,
    "isIREligible": false,
    "jerseyNumber": "12",
    "lastName": "Brady",
    "percentOwned": 99.80315,
    "percentOwnedChange": 0.20315,
    "percentStarted": 81.69291,
    "playerId": 2330,
  },
  "position": "QB",
}
`;

exports[`SlottedPlayer attribute population from server response parses data correctly 1`] = `
SlottedPlayer {
  "isKeeper": false,
  "isLocked": true,
  "player": Player {
    "eligiblePositions": Array [
      "QB",
      "Bench",
    ],
    "firstName": "Tom",
    "isActive": true,
    "isIREligible": false,
    "jerseyNumber": "12",
    "lastName": "Brady",
    "percentOwned": 99.80315,
    "percentOwnedChange": 0.20315,
    "percentStarted": 81.69291,
    "playerId": 2330,
  },
  "position": "QB",
}
`;
