// Jest Snapshot v1, https://goo.gl/fbAQLP

exports[`2016 season integration tests getHistoricalScoreboardForWeek returns a populated array of Boxscores 1`] = `
[
  Boxscore {
    "awayRoster": [],
    "awayScore": 106.06,
    "awayTeamId": 4,
    "homeRoster": [],
    "homeScore": 96.56,
    "homeTeamId": 1,
  },
  Boxscore {
    "awayRoster": [],
    "awayScore": 87.86,
    "awayTeamId": 2,
    "homeRoster": [],
    "homeScore": 86.32,
    "homeTeamId": 9,
  },
  Boxscore {
    "awayRoster": [],
    "awayScore": 123.3,
    "awayTeamId": 5,
    "homeRoster": [],
    "homeScore": 103.76,
    "homeTeamId": 3,
  },
  Boxscore {
    "awayRoster": [],
    "awayScore": 94.72,
    "awayTeamId": 8,
    "homeRoster": [],
    "homeScore": 109.6,
    "homeTeamId": 12,
  },
]
`;
