// Jest Snapshot v1, https://goo.gl/fbAQLP

exports[`Boxscore attribute population from local object parses data correctly 1`] = `
Boxscore {
  "awayTeam": BoxscoreTeam {
    "matchupScore": 113.94,
    "players": Array [],
    "team": Team {
      "abbreviation": "GRON",
      "awayLosses": undefined,
      "awayTies": undefined,
      "awayWinningPercentage": undefined,
      "awayWins": undefined,
      "division": Object {
        "divisionId": 1,
        "divisionName": "Division 2",
        "size": 4,
      },
      "divisionLosses": undefined,
      "divisionStanding": 4,
      "divisionTies": undefined,
      "divisionWinningPercentage": undefined,
      "divisionWins": undefined,
      "firstName": "Prestige",
      "homeLosses": undefined,
      "homeTies": undefined,
      "homeWinningPercentage": undefined,
      "homeWins": undefined,
      "lastName": "Worldwide",
      "leagueId": undefined,
      "leagueStanding": 8,
      "logoURL": "http://3219a2.medialib.glogster.com/media/f8/f81cfe4e18dba8da78f1e654f311d7852eedf937770ef0670f656835288409ca/prestige-png.png",
      "losses": undefined,
      "pointsAgainst": undefined,
      "pointsFor": undefined,
      "seasonId": undefined,
      "streakLength": undefined,
      "streakType": "ERROR: streakType not recognized",
      "teamId": 2,
      "ties": undefined,
      "waiverRank": 8,
      "winningPercentage": undefined,
      "wins": undefined,
    },
    "weekBenchProjectedScore": 75.52,
    "weekBenchScore": 0,
    "weekProjectedScore": 108.12,
    "weekScore": 0,
  },
  "homeTeam": BoxscoreTeam {
    "matchupScore": 113.94,
    "players": Array [],
    "team": Team {
      "abbreviation": "GRON",
      "awayLosses": undefined,
      "awayTies": undefined,
      "awayWinningPercentage": undefined,
      "awayWins": undefined,
      "division": Object {
        "divisionId": 1,
        "divisionName": "Division 2",
        "size": 4,
      },
      "divisionLosses": undefined,
      "divisionStanding": 4,
      "divisionTies": undefined,
      "divisionWinningPercentage": undefined,
      "divisionWins": undefined,
      "firstName": "Prestige",
      "homeLosses": undefined,
      "homeTies": undefined,
      "homeWinningPercentage": undefined,
      "homeWins": undefined,
      "lastName": "Worldwide",
      "leagueId": undefined,
      "leagueStanding": 8,
      "logoURL": "http://3219a2.medialib.glogster.com/media/f8/f81cfe4e18dba8da78f1e654f311d7852eedf937770ef0670f656835288409ca/prestige-png.png",
      "losses": undefined,
      "pointsAgainst": undefined,
      "pointsFor": undefined,
      "seasonId": undefined,
      "streakLength": undefined,
      "streakType": "ERROR: streakType not recognized",
      "teamId": 2,
      "ties": undefined,
      "waiverRank": 8,
      "winningPercentage": undefined,
      "wins": undefined,
    },
    "weekBenchProjectedScore": 75.52,
    "weekBenchScore": 0,
    "weekProjectedScore": 108.12,
    "weekScore": 0,
  },
  "leagueId": undefined,
  "matchupPeriodId": undefined,
  "nflGames": Array [],
  "scoringPeriodId": undefined,
  "seasonId": undefined,
  "teamId": undefined,
}
`;

exports[`Boxscore attribute population from server response parses data correctly 1`] = `
Boxscore {
  "awayTeam": BoxscoreTeam {
    "matchupScore": 113.94,
    "players": Array [
      BoxscorePlayer {
        "isLocked": false,
        "player": Player {
          "eligiblePositions": Array [
            "QB",
            "Bench",
          ],
          "firstName": "Jared",
          "isActive": true,
          "isDroppable": undefined,
          "isIREligible": false,
          "jerseyNumber": "16",
          "lastName": "Goff",
          "percentOwned": 94.54633,
          "percentOwnedChange": -0.2665,
          "percentStarted": 56.11466,
          "playerId": 17794,
        },
        "position": "QB",
        "projectedPoints": 20.1,
        "projectedStats": BoxscorePlayerPointStats {
          "defensive0PointsAllowed": undefined,
          "defensive100To199YardsAllowed": undefined,
          "defensive14To17PointsAllowed": undefined,
          "defensive1To6PointsAllowed": undefined,
          "defensive200To299YardsAllowed": undefined,
          "defensive28To34PointsAllowed": undefined,
          "defensive350To399YardsAllowed": undefined,
          "defensive35To45PointsAllowed": undefined,
          "defensive400To449YardsAllowed": undefined,
          "defensive450To499YardsAllowed": undefined,
          "defensive500To549YardsAllowed": undefined,
          "defensive7To13PointsAllowed": undefined,
          "defensiveBlockedKickForTouchdowns": undefined,
          "defensiveBlockedKicks": undefined,
          "defensiveFumbles": undefined,
          "defensiveInterceptions": undefined,
          "defensiveOver550YardsAllowed": undefined,
          "defensiveSacks": undefined,
          "defensiveSafeties": undefined,
          "fumbleReturnTouchdown": undefined,
          "interceptionReturnTouchdown": undefined,
          "kickoffReturnTouchdown": undefined,
          "lostFumbles": -0.62,
          "madeExtraPoints": undefined,
          "madeFieldGoalsFrom40To49": undefined,
          "madeFieldGoalsFrom50Plus": undefined,
          "madeFieldGoalsFromUnder40": undefined,
          "missedExtraPoints": undefined,
          "missedFieldGoals": undefined,
          "passing2PtConversions": 0.28,
          "passingInterceptions": -1.41,
          "passingTouchdowns": 8.14,
          "passingYards": 11.54,
          "puntReturnTouchdown": undefined,
          "receiving2PtConversions": undefined,
          "receivingReceptions": undefined,
          "receivingTouchdowns": undefined,
          "receivingYards": undefined,
          "rushing2PtConversions": 0.02,
          "rushingTouchdowns": 1.14,
          "rushingYards": 0.99,
        },
        "stats": BoxscorePlayerPointStats {},
        "totalPoints": undefined,
      },
      BoxscorePlayer {
        "isLocked": false,
        "player": Player {
          "eligiblePositions": Array [
            "RB",
            "RB/WR/TE",
            "Bench",
          ],
          "firstName": "Chris",
          "isActive": true,
          "isDroppable": undefined,
          "isIREligible": false,
          "jerseyNumber": "32",
          "lastName": "Carson",
          "percentOwned": 93.38114,
          "percentOwnedChange": 1.80806,
          "percentStarted": 83.58356,
          "playerId": 18341,
        },
        "position": "RB",
        "projectedPoints": 13.82,
        "projectedStats": BoxscorePlayerPointStats {
          "defensive0PointsAllowed": undefined,
          "defensive100To199YardsAllowed": undefined,
          "defensive14To17PointsAllowed": undefined,
          "defensive1To6PointsAllowed": undefined,
          "defensive200To299YardsAllowed": undefined,
          "defensive28To34PointsAllowed": undefined,
          "defensive350To399YardsAllowed": undefined,
          "defensive35To45PointsAllowed": undefined,
          "defensive400To449YardsAllowed": undefined,
          "defensive450To499YardsAllowed": undefined,
          "defensive500To549YardsAllowed": undefined,
          "defensive7To13PointsAllowed": undefined,
          "defensiveBlockedKickForTouchdowns": undefined,
          "defensiveBlockedKicks": undefined,
          "defensiveFumbles": undefined,
          "defensiveInterceptions": undefined,
          "defensiveOver550YardsAllowed": undefined,
          "defensiveSacks": undefined,
          "defensiveSafeties": undefined,
          "fumbleReturnTouchdown": undefined,
          "interceptionReturnTouchdown": undefined,
          "kickoffReturnTouchdown": undefined,
          "lostFumbles": -0.18,
          "madeExtraPoints": undefined,
          "madeFieldGoalsFrom40To49": undefined,
          "madeFieldGoalsFrom50Plus": undefined,
          "madeFieldGoalsFromUnder40": undefined,
          "missedExtraPoints": undefined,
          "missedFieldGoals": undefined,
          "passing2PtConversions": undefined,
          "passingInterceptions": undefined,
          "passingTouchdowns": undefined,
          "passingYards": undefined,
          "puntReturnTouchdown": undefined,
          "receiving2PtConversions": 0.01,
          "receivingReceptions": undefined,
          "receivingTouchdowns": 0.54,
          "receivingYards": 1.28,
          "rushing2PtConversions": 0.04,
          "rushingTouchdowns": 4.58,
          "rushingYards": 7.55,
        },
        "stats": BoxscorePlayerPointStats {},
        "totalPoints": undefined,
      },
      BoxscorePlayer {
        "isLocked": false,
        "player": Player {
          "eligiblePositions": Array [
            "RB",
            "RB/WR/TE",
            "Bench",
          ],
          "firstName": "Spencer",
          "isActive": true,
          "isDroppable": undefined,
          "isIREligible": false,
          "jerseyNumber": "32",
          "lastName": "Ware",
          "percentOwned": 80.2048,
          "percentOwnedChange": -6.0658,
          "percentStarted": 8.80727,
          "playerId": 16020,
        },
        "position": "RB",
        "projectedPoints": 11.95,
        "projectedStats": BoxscorePlayerPointStats {
          "defensive0PointsAllowed": undefined,
          "defensive100To199YardsAllowed": undefined,
          "defensive14To17PointsAllowed": undefined,
          "defensive1To6PointsAllowed": undefined,
          "defensive200To299YardsAllowed": undefined,
          "defensive28To34PointsAllowed": undefined,
          "defensive350To399YardsAllowed": undefined,
          "defensive35To45PointsAllowed": undefined,
          "defensive400To449YardsAllowed": undefined,
          "defensive450To499YardsAllowed": undefined,
          "defensive500To549YardsAllowed": undefined,
          "defensive7To13PointsAllowed": undefined,
          "defensiveBlockedKickForTouchdowns": undefined,
          "defensiveBlockedKicks": undefined,
          "defensiveFumbles": undefined,
          "defensiveInterceptions": undefined,
          "defensiveOver550YardsAllowed": undefined,
          "defensiveSacks": undefined,
          "defensiveSafeties": undefined,
          "fumbleReturnTouchdown": undefined,
          "interceptionReturnTouchdown": undefined,
          "kickoffReturnTouchdown": undefined,
          "lostFumbles": -0.1,
          "madeExtraPoints": undefined,
          "madeFieldGoalsFrom40To49": undefined,
          "madeFieldGoalsFrom50Plus": undefined,
          "madeFieldGoalsFromUnder40": undefined,
          "missedExtraPoints": undefined,
          "missedFieldGoals": undefined,
          "passing2PtConversions": undefined,
          "passingInterceptions": undefined,
          "passingTouchdowns": undefined,
          "passingYards": undefined,
          "puntReturnTouchdown": undefined,
          "receiving2PtConversions": 0.01,
          "receivingReceptions": undefined,
          "receivingTouchdowns": 0.84,
          "receivingYards": 1.98,
          "rushing2PtConversions": 0.05,
          "rushingTouchdowns": 4.14,
          "rushingYards": 5.04,
        },
        "stats": BoxscorePlayerPointStats {},
        "totalPoints": undefined,
      },
      BoxscorePlayer {
        "isLocked": false,
        "player": Player {
          "eligiblePositions": Array [
            "WR",
            "RB/WR/TE",
            "Bench",
          ],
          "firstName": "Keenan",
          "isActive": true,
          "isDroppable": undefined,
          "isIREligible": false,
          "jerseyNumber": "13",
          "lastName": "Allen",
          "percentOwned": 99.87583,
          "percentOwnedChange": -0.00508,
          "percentStarted": 87.59803,
          "playerId": 15818,
        },
        "position": "WR",
        "projectedPoints": 11.29,
        "projectedStats": BoxscorePlayerPointStats {
          "defensive0PointsAllowed": undefined,
          "defensive100To199YardsAllowed": undefined,
          "defensive14To17PointsAllowed": undefined,
          "defensive1To6PointsAllowed": undefined,
          "defensive200To299YardsAllowed": undefined,
          "defensive28To34PointsAllowed": undefined,
          "defensive350To399YardsAllowed": undefined,
          "defensive35To45PointsAllowed": undefined,
          "defensive400To449YardsAllowed": undefined,
          "defensive450To499YardsAllowed": undefined,
          "defensive500To549YardsAllowed": undefined,
          "defensive7To13PointsAllowed": undefined,
          "defensiveBlockedKickForTouchdowns": undefined,
          "defensiveBlockedKicks": undefined,
          "defensiveFumbles": undefined,
          "defensiveInterceptions": undefined,
          "defensiveOver550YardsAllowed": undefined,
          "defensiveSacks": undefined,
          "defensiveSafeties": undefined,
          "fumbleReturnTouchdown": undefined,
          "interceptionReturnTouchdown": undefined,
          "kickoffReturnTouchdown": undefined,
          "lostFumbles": -0.1,
          "madeExtraPoints": undefined,
          "madeFieldGoalsFrom40To49": undefined,
          "madeFieldGoalsFrom50Plus": undefined,
          "madeFieldGoalsFromUnder40": undefined,
          "missedExtraPoints": undefined,
          "missedFieldGoals": undefined,
          "passing2PtConversions": undefined,
          "passingInterceptions": undefined,
          "passingTouchdowns": undefined,
          "passingYards": undefined,
          "puntReturnTouchdown": undefined,
          "receiving2PtConversions": 0.06,
          "receivingReceptions": undefined,
          "receivingTouchdowns": 2.85,
          "receivingYards": 7.94,
          "rushing2PtConversions": 0,
          "rushingTouchdowns": 0.09,
          "rushingYards": 0.44,
        },
        "stats": BoxscorePlayerPointStats {},
        "totalPoints": undefined,
      },
      BoxscorePlayer {
        "isLocked": false,
        "player": Player {
          "eligiblePositions": Array [
            "WR",
            "RB/WR/TE",
            "Bench",
          ],
          "firstName": "T.Y.",
          "isActive": true,
          "isDroppable": undefined,
          "isIREligible": false,
          "jerseyNumber": "13",
          "lastName": "Hilton",
          "percentOwned": 98.97578,
          "percentOwnedChange": 0.07016,
          "percentStarted": 91.73319,
          "playerId": 14924,
        },
        "position": "WR",
        "projectedPoints": 11.36,
        "projectedStats": BoxscorePlayerPointStats {
          "defensive0PointsAllowed": undefined,
          "defensive100To199YardsAllowed": undefined,
          "defensive14To17PointsAllowed": undefined,
          "defensive1To6PointsAllowed": undefined,
          "defensive200To299YardsAllowed": undefined,
          "defensive28To34PointsAllowed": undefined,
          "defensive350To399YardsAllowed": undefined,
          "defensive35To45PointsAllowed": undefined,
          "defensive400To449YardsAllowed": undefined,
          "defensive450To499YardsAllowed": undefined,
          "defensive500To549YardsAllowed": undefined,
          "defensive7To13PointsAllowed": undefined,
          "defensiveBlockedKickForTouchdowns": undefined,
          "defensiveBlockedKicks": undefined,
          "defensiveFumbles": undefined,
          "defensiveInterceptions": undefined,
          "defensiveOver550YardsAllowed": undefined,
          "defensiveSacks": undefined,
          "defensiveSafeties": undefined,
          "fumbleReturnTouchdown": undefined,
          "interceptionReturnTouchdown": undefined,
          "kickoffReturnTouchdown": undefined,
          "lostFumbles": -0.07,
          "madeExtraPoints": undefined,
          "madeFieldGoalsFrom40To49": undefined,
          "madeFieldGoalsFrom50Plus": undefined,
          "madeFieldGoalsFromUnder40": undefined,
          "missedExtraPoints": undefined,
          "missedFieldGoals": undefined,
          "passing2PtConversions": undefined,
          "passingInterceptions": undefined,
          "passingTouchdowns": undefined,
          "passingYards": undefined,
          "puntReturnTouchdown": 0.01,
          "receiving2PtConversions": 0.05,
          "receivingReceptions": undefined,
          "receivingTouchdowns": 2.7,
          "receivingYards": 8.67,
          "rushing2PtConversions": undefined,
          "rushingTouchdowns": undefined,
          "rushingYards": undefined,
        },
        "stats": BoxscorePlayerPointStats {},
        "totalPoints": undefined,
      },
      BoxscorePlayer {
        "isLocked": false,
        "player": Player {
          "eligiblePositions": Array [
            "TE",
            "RB/WR/TE",
            "Bench",
          ],
          "firstName": "Eric",
          "isActive": true,
          "isDroppable": undefined,
          "isIREligible": false,
          "jerseyNumber": "85",
          "lastName": "Ebron",
          "percentOwned": 96.1246,
          "percentOwnedChange": -0.12507,
          "percentStarted": 81.5354,
          "playerId": 16732,
        },
        "position": "TE",
        "projectedPoints": 9.11,
        "projectedStats": BoxscorePlayerPointStats {
          "defensive0PointsAllowed": undefined,
          "defensive100To199YardsAllowed": undefined,
          "defensive14To17PointsAllowed": undefined,
          "defensive1To6PointsAllowed": undefined,
          "defensive200To299YardsAllowed": undefined,
          "defensive28To34PointsAllowed": undefined,
          "defensive350To399YardsAllowed": undefined,
          "defensive35To45PointsAllowed": undefined,
          "defensive400To449YardsAllowed": undefined,
          "defensive450To499YardsAllowed": undefined,
          "defensive500To549YardsAllowed": undefined,
          "defensive7To13PointsAllowed": undefined,
          "defensiveBlockedKickForTouchdowns": undefined,
          "defensiveBlockedKicks": undefined,
          "defensiveFumbles": undefined,
          "defensiveInterceptions": undefined,
          "defensiveOver550YardsAllowed": undefined,
          "defensiveSacks": undefined,
          "defensiveSafeties": undefined,
          "fumbleReturnTouchdown": undefined,
          "interceptionReturnTouchdown": undefined,
          "kickoffReturnTouchdown": undefined,
          "lostFumbles": -0.07,
          "madeExtraPoints": undefined,
          "madeFieldGoalsFrom40To49": undefined,
          "madeFieldGoalsFrom50Plus": undefined,
          "madeFieldGoalsFromUnder40": undefined,
          "missedExtraPoints": undefined,
          "missedFieldGoals": undefined,
          "passing2PtConversions": undefined,
          "passingInterceptions": undefined,
          "passingTouchdowns": undefined,
          "passingYards": undefined,
          "puntReturnTouchdown": undefined,
          "receiving2PtConversions": 0.06,
          "receivingReceptions": undefined,
          "receivingTouchdowns": 3.26,
          "receivingYards": 5.71,
          "rushing2PtConversions": 0,
          "rushingTouchdowns": 0.06,
          "rushingYards": 0.09,
        },
        "stats": BoxscorePlayerPointStats {},
        "totalPoints": undefined,
      },
      BoxscorePlayer {
        "isLocked": false,
        "player": Player {
          "eligiblePositions": Array [
            "RB",
            "RB/WR/TE",
            "Bench",
          ],
          "firstName": "Peyton",
          "isActive": true,
          "isDroppable": undefined,
          "isIREligible": false,
          "jerseyNumber": "25",
          "lastName": "Barber",
          "percentOwned": 69.14415,
          "percentOwnedChange": 1.56973,
          "percentStarted": 38.4403,
          "playerId": 18106,
        },
        "position": "RB/WR/TE",
        "projectedPoints": 11.88,
        "projectedStats": BoxscorePlayerPointStats {
          "defensive0PointsAllowed": undefined,
          "defensive100To199YardsAllowed": undefined,
          "defensive14To17PointsAllowed": undefined,
          "defensive1To6PointsAllowed": undefined,
          "defensive200To299YardsAllowed": undefined,
          "defensive28To34PointsAllowed": undefined,
          "defensive350To399YardsAllowed": undefined,
          "defensive35To45PointsAllowed": undefined,
          "defensive400To449YardsAllowed": undefined,
          "defensive450To499YardsAllowed": undefined,
          "defensive500To549YardsAllowed": undefined,
          "defensive7To13PointsAllowed": undefined,
          "defensiveBlockedKickForTouchdowns": undefined,
          "defensiveBlockedKicks": undefined,
          "defensiveFumbles": undefined,
          "defensiveInterceptions": undefined,
          "defensiveOver550YardsAllowed": undefined,
          "defensiveSacks": undefined,
          "defensiveSafeties": undefined,
          "fumbleReturnTouchdown": undefined,
          "interceptionReturnTouchdown": undefined,
          "kickoffReturnTouchdown": undefined,
          "lostFumbles": -0.12,
          "madeExtraPoints": undefined,
          "madeFieldGoalsFrom40To49": undefined,
          "madeFieldGoalsFrom50Plus": undefined,
          "madeFieldGoalsFromUnder40": undefined,
          "missedExtraPoints": undefined,
          "missedFieldGoals": undefined,
          "passing2PtConversions": undefined,
          "passingInterceptions": undefined,
          "passingTouchdowns": undefined,
          "passingYards": undefined,
          "puntReturnTouchdown": undefined,
          "receiving2PtConversions": 0.01,
          "receivingReceptions": undefined,
          "receivingTouchdowns": 0.39,
          "receivingYards": 1.26,
          "rushing2PtConversions": 0.05,
          "rushingTouchdowns": 4,
          "rushingYards": 6.29,
        },
        "stats": BoxscorePlayerPointStats {},
        "totalPoints": undefined,
      },
      BoxscorePlayer {
        "isLocked": false,
        "player": Player {
          "eligiblePositions": Array [
            "D/ST",
            "Bench",
          ],
          "firstName": "Eagles",
          "isActive": true,
          "isDroppable": undefined,
          "isIREligible": false,
          "jerseyNumber": undefined,
          "lastName": "D/ST",
          "percentOwned": 49.51303,
          "percentOwnedChange": 3.94217,
          "percentStarted": 25.5293,
          "playerId": 60021,
        },
        "position": "D/ST",
        "projectedPoints": 8.53,
        "projectedStats": BoxscorePlayerPointStats {
          "defensive0PointsAllowed": undefined,
          "defensive100To199YardsAllowed": undefined,
          "defensive14To17PointsAllowed": 1,
          "defensive1To6PointsAllowed": undefined,
          "defensive200To299YardsAllowed": undefined,
          "defensive28To34PointsAllowed": undefined,
          "defensive350To399YardsAllowed": undefined,
          "defensive35To45PointsAllowed": undefined,
          "defensive400To449YardsAllowed": undefined,
          "defensive450To499YardsAllowed": undefined,
          "defensive500To549YardsAllowed": undefined,
          "defensive7To13PointsAllowed": undefined,
          "defensiveBlockedKickForTouchdowns": 0.05,
          "defensiveBlockedKicks": 0.19,
          "defensiveFumbles": 1.14,
          "defensiveInterceptions": 2.58,
          "defensiveOver550YardsAllowed": undefined,
          "defensiveSacks": 2.77,
          "defensiveSafeties": 0.04,
          "fumbleReturnTouchdown": 0,
          "interceptionReturnTouchdown": 0.48,
          "kickoffReturnTouchdown": 0.07,
          "lostFumbles": undefined,
          "madeExtraPoints": undefined,
          "madeFieldGoalsFrom40To49": undefined,
          "madeFieldGoalsFrom50Plus": undefined,
          "madeFieldGoalsFromUnder40": undefined,
          "missedExtraPoints": undefined,
          "missedFieldGoals": undefined,
          "passing2PtConversions": undefined,
          "passingInterceptions": undefined,
          "passingTouchdowns": undefined,
          "passingYards": undefined,
          "puntReturnTouchdown": 0.19,
          "receiving2PtConversions": undefined,
          "receivingReceptions": undefined,
          "receivingTouchdowns": undefined,
          "receivingYards": undefined,
          "rushing2PtConversions": undefined,
          "rushingTouchdowns": undefined,
          "rushingYards": undefined,
        },
        "stats": BoxscorePlayerPointStats {},
        "totalPoints": undefined,
      },
      BoxscorePlayer {
        "isLocked": false,
        "player": Player {
          "eligiblePositions": Array [
            "K",
            "Bench",
          ],
          "firstName": "Ka'imi",
          "isActive": true,
          "isDroppable": undefined,
          "isIREligible": false,
          "jerseyNumber": "7",
          "lastName": "Fairbairn",
          "percentOwned": 84.79309,
          "percentOwnedChange": 2.08884,
          "percentStarted": 78.84705,
          "playerId": 18454,
        },
        "position": "K",
        "projectedPoints": 10.07,
        "projectedStats": BoxscorePlayerPointStats {
          "defensive0PointsAllowed": undefined,
          "defensive100To199YardsAllowed": undefined,
          "defensive14To17PointsAllowed": undefined,
          "defensive1To6PointsAllowed": undefined,
          "defensive200To299YardsAllowed": undefined,
          "defensive28To34PointsAllowed": undefined,
          "defensive350To399YardsAllowed": undefined,
          "defensive35To45PointsAllowed": undefined,
          "defensive400To449YardsAllowed": undefined,
          "defensive450To499YardsAllowed": undefined,
          "defensive500To549YardsAllowed": undefined,
          "defensive7To13PointsAllowed": undefined,
          "defensiveBlockedKickForTouchdowns": undefined,
          "defensiveBlockedKicks": undefined,
          "defensiveFumbles": undefined,
          "defensiveInterceptions": undefined,
          "defensiveOver550YardsAllowed": undefined,
          "defensiveSacks": undefined,
          "defensiveSafeties": undefined,
          "fumbleReturnTouchdown": undefined,
          "interceptionReturnTouchdown": undefined,
          "kickoffReturnTouchdown": undefined,
          "lostFumbles": undefined,
          "madeExtraPoints": 2.14,
          "madeFieldGoalsFrom40To49": 2.72,
          "madeFieldGoalsFrom50Plus": 1.36,
          "madeFieldGoalsFromUnder40": 4.31,
          "missedExtraPoints": -0.09,
          "missedFieldGoals": -0.37,
          "passing2PtConversions": undefined,
          "passingInterceptions": undefined,
          "passingTouchdowns": undefined,
          "passingYards": undefined,
          "puntReturnTouchdown": undefined,
          "receiving2PtConversions": undefined,
          "receivingReceptions": undefined,
          "receivingTouchdowns": undefined,
          "receivingYards": undefined,
          "rushing2PtConversions": undefined,
          "rushingTouchdowns": undefined,
          "rushingYards": undefined,
        },
        "stats": BoxscorePlayerPointStats {},
        "totalPoints": undefined,
      },
      BoxscorePlayer {
        "isLocked": false,
        "player": Player {
          "eligiblePositions": Array [
            "RB",
            "RB/WR/TE",
            "Bench",
          ],
          "firstName": "Alvin",
          "isActive": true,
          "isDroppable": undefined,
          "isIREligible": false,
          "jerseyNumber": "41",
          "lastName": "Kamara",
          "percentOwned": 99.94626,
          "percentOwnedChange": -0.01287,
          "percentStarted": 87.84336,
          "playerId": 18187,
        },
        "position": "Bench",
        "projectedPoints": 10.36,
        "projectedStats": BoxscorePlayerPointStats {
          "defensive0PointsAllowed": undefined,
          "defensive100To199YardsAllowed": undefined,
          "defensive14To17PointsAllowed": undefined,
          "defensive1To6PointsAllowed": undefined,
          "defensive200To299YardsAllowed": undefined,
          "defensive28To34PointsAllowed": undefined,
          "defensive350To399YardsAllowed": undefined,
          "defensive35To45PointsAllowed": undefined,
          "defensive400To449YardsAllowed": undefined,
          "defensive450To499YardsAllowed": undefined,
          "defensive500To549YardsAllowed": undefined,
          "defensive7To13PointsAllowed": undefined,
          "defensiveBlockedKickForTouchdowns": undefined,
          "defensiveBlockedKicks": undefined,
          "defensiveFumbles": undefined,
          "defensiveInterceptions": undefined,
          "defensiveOver550YardsAllowed": undefined,
          "defensiveSacks": undefined,
          "defensiveSafeties": undefined,
          "fumbleReturnTouchdown": undefined,
          "interceptionReturnTouchdown": undefined,
          "kickoffReturnTouchdown": undefined,
          "lostFumbles": -0.06,
          "madeExtraPoints": undefined,
          "madeFieldGoalsFrom40To49": undefined,
          "madeFieldGoalsFrom50Plus": undefined,
          "madeFieldGoalsFromUnder40": undefined,
          "missedExtraPoints": undefined,
          "missedFieldGoals": undefined,
          "passing2PtConversions": undefined,
          "passingInterceptions": undefined,
          "passingTouchdowns": undefined,
          "passingYards": undefined,
          "puntReturnTouchdown": 0.01,
          "receiving2PtConversions": 0.02,
          "receivingReceptions": undefined,
          "receivingTouchdowns": 0.86,
          "receivingYards": 2.27,
          "rushing2PtConversions": 0.03,
          "rushingTouchdowns": 2.98,
          "rushingYards": 4.23,
        },
        "stats": BoxscorePlayerPointStats {},
        "totalPoints": undefined,
      },
      BoxscorePlayer {
        "isLocked": false,
        "player": Player {
          "eligiblePositions": Array [
            "RB",
            "RB/WR/TE",
            "Bench",
          ],
          "firstName": "Dalvin",
          "isActive": true,
          "isDroppable": undefined,
          "isIREligible": false,
          "jerseyNumber": "33",
          "lastName": "Cook",
          "percentOwned": 97.83094,
          "percentOwnedChange": 0.18775,
          "percentStarted": 86.27637,
          "playerId": 18260,
        },
        "position": "Bench",
        "projectedPoints": 11.33,
        "projectedStats": BoxscorePlayerPointStats {
          "defensive0PointsAllowed": undefined,
          "defensive100To199YardsAllowed": undefined,
          "defensive14To17PointsAllowed": undefined,
          "defensive1To6PointsAllowed": undefined,
          "defensive200To299YardsAllowed": undefined,
          "defensive28To34PointsAllowed": undefined,
          "defensive350To399YardsAllowed": undefined,
          "defensive35To45PointsAllowed": undefined,
          "defensive400To449YardsAllowed": undefined,
          "defensive450To499YardsAllowed": undefined,
          "defensive500To549YardsAllowed": undefined,
          "defensive7To13PointsAllowed": undefined,
          "defensiveBlockedKickForTouchdowns": undefined,
          "defensiveBlockedKicks": undefined,
          "defensiveFumbles": undefined,
          "defensiveInterceptions": undefined,
          "defensiveOver550YardsAllowed": undefined,
          "defensiveSacks": undefined,
          "defensiveSafeties": undefined,
          "fumbleReturnTouchdown": undefined,
          "interceptionReturnTouchdown": undefined,
          "kickoffReturnTouchdown": undefined,
          "lostFumbles": -0.2,
          "madeExtraPoints": undefined,
          "madeFieldGoalsFrom40To49": undefined,
          "madeFieldGoalsFrom50Plus": undefined,
          "madeFieldGoalsFromUnder40": undefined,
          "missedExtraPoints": undefined,
          "missedFieldGoals": undefined,
          "passing2PtConversions": undefined,
          "passingInterceptions": undefined,
          "passingTouchdowns": undefined,
          "passingYards": undefined,
          "puntReturnTouchdown": undefined,
          "receiving2PtConversions": 0.01,
          "receivingReceptions": undefined,
          "receivingTouchdowns": 0.57,
          "receivingYards": 2.52,
          "rushing2PtConversions": 0.03,
          "rushingTouchdowns": 2.09,
          "rushingYards": 6.31,
        },
        "stats": BoxscorePlayerPointStats {},
        "totalPoints": undefined,
      },
      BoxscorePlayer {
        "isLocked": false,
        "player": Player {
          "eligiblePositions": Array [
            "QB",
            "Bench",
          ],
          "firstName": "Tom",
          "isActive": true,
          "isDroppable": undefined,
          "isIREligible": false,
          "jerseyNumber": "12",
          "lastName": "Brady",
          "percentOwned": 96.09798,
          "percentOwnedChange": -0.61425,
          "percentStarted": 40.01219,
          "playerId": 2330,
        },
        "position": "Bench",
        "projectedPoints": 16.95,
        "projectedStats": BoxscorePlayerPointStats {
          "defensive0PointsAllowed": undefined,
          "defensive100To199YardsAllowed": undefined,
          "defensive14To17PointsAllowed": undefined,
          "defensive1To6PointsAllowed": undefined,
          "defensive200To299YardsAllowed": undefined,
          "defensive28To34PointsAllowed": undefined,
          "defensive350To399YardsAllowed": undefined,
          "defensive35To45PointsAllowed": undefined,
          "defensive400To449YardsAllowed": undefined,
          "defensive450To499YardsAllowed": undefined,
          "defensive500To549YardsAllowed": undefined,
          "defensive7To13PointsAllowed": undefined,
          "defensiveBlockedKickForTouchdowns": undefined,
          "defensiveBlockedKicks": undefined,
          "defensiveFumbles": undefined,
          "defensiveInterceptions": undefined,
          "defensiveOver550YardsAllowed": undefined,
          "defensiveSacks": undefined,
          "defensiveSafeties": undefined,
          "fumbleReturnTouchdown": undefined,
          "interceptionReturnTouchdown": undefined,
          "kickoffReturnTouchdown": undefined,
          "lostFumbles": -0.38,
          "madeExtraPoints": undefined,
          "madeFieldGoalsFrom40To49": undefined,
          "madeFieldGoalsFrom50Plus": undefined,
          "madeFieldGoalsFromUnder40": undefined,
          "missedExtraPoints": undefined,
          "missedFieldGoals": undefined,
          "passing2PtConversions": 0.19,
          "passingInterceptions": -1.19,
          "passingTouchdowns": 6.66,
          "passingYards": 10.56,
          "puntReturnTouchdown": undefined,
          "receiving2PtConversions": undefined,
          "receivingReceptions": undefined,
          "receivingTouchdowns": undefined,
          "receivingYards": undefined,
          "rushing2PtConversions": 0.01,
          "rushingTouchdowns": 0.93,
          "rushingYards": 0.17,
        },
        "stats": BoxscorePlayerPointStats {},
        "totalPoints": undefined,
      },
      BoxscorePlayer {
        "isLocked": false,
        "player": Player {
          "eligiblePositions": Array [
            "WR",
            "RB/WR/TE",
            "Bench",
          ],
          "firstName": "Brandin",
          "isActive": true,
          "isDroppable": undefined,
          "isIREligible": false,
          "jerseyNumber": "12",
          "lastName": "Cooks",
          "percentOwned": 98.33166,
          "percentOwnedChange": -0.1492,
          "percentStarted": 79.06556,
          "playerId": 16731,
        },
        "position": "Bench",
        "projectedPoints": 9.33,
        "projectedStats": BoxscorePlayerPointStats {
          "defensive0PointsAllowed": undefined,
          "defensive100To199YardsAllowed": undefined,
          "defensive14To17PointsAllowed": undefined,
          "defensive1To6PointsAllowed": undefined,
          "defensive200To299YardsAllowed": undefined,
          "defensive28To34PointsAllowed": undefined,
          "defensive350To399YardsAllowed": undefined,
          "defensive35To45PointsAllowed": undefined,
          "defensive400To449YardsAllowed": undefined,
          "defensive450To499YardsAllowed": undefined,
          "defensive500To549YardsAllowed": undefined,
          "defensive7To13PointsAllowed": undefined,
          "defensiveBlockedKickForTouchdowns": undefined,
          "defensiveBlockedKicks": undefined,
          "defensiveFumbles": undefined,
          "defensiveInterceptions": undefined,
          "defensiveOver550YardsAllowed": undefined,
          "defensiveSacks": undefined,
          "defensiveSafeties": undefined,
          "fumbleReturnTouchdown": undefined,
          "interceptionReturnTouchdown": undefined,
          "kickoffReturnTouchdown": undefined,
          "lostFumbles": -0.06,
          "madeExtraPoints": undefined,
          "madeFieldGoalsFrom40To49": undefined,
          "madeFieldGoalsFrom50Plus": undefined,
          "madeFieldGoalsFromUnder40": undefined,
          "missedExtraPoints": undefined,
          "missedFieldGoals": undefined,
          "passing2PtConversions": undefined,
          "passingInterceptions": undefined,
          "passingTouchdowns": undefined,
          "passingYards": undefined,
          "puntReturnTouchdown": undefined,
          "receiving2PtConversions": 0.05,
          "receivingReceptions": undefined,
          "receivingTouchdowns": 2.19,
          "receivingYards": 6.5,
          "rushing2PtConversions": 0,
          "rushingTouchdowns": 0.23,
          "rushingYards": 0.42,
        },
        "stats": BoxscorePlayerPointStats {},
        "totalPoints": undefined,
      },
      BoxscorePlayer {
        "isLocked": false,
        "player": Player {
          "eligiblePositions": Array [
            "WR",
            "RB/WR/TE",
            "Bench",
          ],
          "firstName": "Tyler",
          "isActive": true,
          "isDroppable": undefined,
          "isIREligible": true,
          "jerseyNumber": "83",
          "lastName": "Boyd",
          "percentOwned": 80.09877,
          "percentOwnedChange": -10.28944,
          "percentStarted": 1.52498,
          "playerId": 17840,
        },
        "position": "Bench",
        "projectedPoints": 0,
        "projectedStats": BoxscorePlayerPointStats {},
        "stats": BoxscorePlayerPointStats {},
        "totalPoints": undefined,
      },
      BoxscorePlayer {
        "isLocked": false,
        "player": Player {
          "eligiblePositions": Array [
            "TE",
            "RB/WR/TE",
            "Bench",
          ],
          "firstName": "Jared",
          "isActive": true,
          "isDroppable": undefined,
          "isIREligible": false,
          "jerseyNumber": "87",
          "lastName": "Cook",
          "percentOwned": 92.46455,
          "percentOwnedChange": -0.13724,
          "percentStarted": 70.30432,
          "playerId": 12537,
        },
        "position": "Bench",
        "projectedPoints": 7.91,
        "projectedStats": BoxscorePlayerPointStats {
          "defensive0PointsAllowed": undefined,
          "defensive100To199YardsAllowed": undefined,
          "defensive14To17PointsAllowed": undefined,
          "defensive1To6PointsAllowed": undefined,
          "defensive200To299YardsAllowed": undefined,
          "defensive28To34PointsAllowed": undefined,
          "defensive350To399YardsAllowed": undefined,
          "defensive35To45PointsAllowed": undefined,
          "defensive400To449YardsAllowed": undefined,
          "defensive450To499YardsAllowed": undefined,
          "defensive500To549YardsAllowed": undefined,
          "defensive7To13PointsAllowed": undefined,
          "defensiveBlockedKickForTouchdowns": undefined,
          "defensiveBlockedKicks": undefined,
          "defensiveFumbles": undefined,
          "defensiveInterceptions": undefined,
          "defensiveOver550YardsAllowed": undefined,
          "defensiveSacks": undefined,
          "defensiveSafeties": undefined,
          "fumbleReturnTouchdown": undefined,
          "interceptionReturnTouchdown": undefined,
          "kickoffReturnTouchdown": undefined,
          "lostFumbles": -0.05,
          "madeExtraPoints": undefined,
          "madeFieldGoalsFrom40To49": undefined,
          "madeFieldGoalsFrom50Plus": undefined,
          "madeFieldGoalsFromUnder40": undefined,
          "missedExtraPoints": undefined,
          "missedFieldGoals": undefined,
          "passing2PtConversions": undefined,
          "passingInterceptions": undefined,
          "passingTouchdowns": undefined,
          "passingYards": undefined,
          "puntReturnTouchdown": undefined,
          "receiving2PtConversions": 0.03,
          "receivingReceptions": undefined,
          "receivingTouchdowns": 2.2,
          "receivingYards": 5.73,
          "rushing2PtConversions": undefined,
          "rushingTouchdowns": undefined,
          "rushingYards": undefined,
        },
        "stats": BoxscorePlayerPointStats {},
        "totalPoints": undefined,
      },
      BoxscorePlayer {
        "isLocked": false,
        "player": Player {
          "eligiblePositions": Array [
            "QB",
            "Bench",
          ],
          "firstName": "Jameis",
          "isActive": true,
          "isDroppable": undefined,
          "isIREligible": false,
          "jerseyNumber": "3",
          "lastName": "Winston",
          "percentOwned": 66.32161,
          "percentOwnedChange": 0.51095,
          "percentStarted": 23.61082,
          "playerId": 17399,
        },
        "position": "Bench",
        "projectedPoints": 19.64,
        "projectedStats": BoxscorePlayerPointStats {
          "defensive0PointsAllowed": undefined,
          "defensive100To199YardsAllowed": undefined,
          "defensive14To17PointsAllowed": undefined,
          "defensive1To6PointsAllowed": undefined,
          "defensive200To299YardsAllowed": undefined,
          "defensive28To34PointsAllowed": undefined,
          "defensive350To399YardsAllowed": undefined,
          "defensive35To45PointsAllowed": undefined,
          "defensive400To449YardsAllowed": undefined,
          "defensive450To499YardsAllowed": undefined,
          "defensive500To549YardsAllowed": undefined,
          "defensive7To13PointsAllowed": undefined,
          "defensiveBlockedKickForTouchdowns": undefined,
          "defensiveBlockedKicks": undefined,
          "defensiveFumbles": undefined,
          "defensiveInterceptions": undefined,
          "defensiveOver550YardsAllowed": undefined,
          "defensiveSacks": undefined,
          "defensiveSafeties": undefined,
          "fumbleReturnTouchdown": undefined,
          "interceptionReturnTouchdown": undefined,
          "kickoffReturnTouchdown": undefined,
          "lostFumbles": -0.65,
          "madeExtraPoints": undefined,
          "madeFieldGoalsFrom40To49": undefined,
          "madeFieldGoalsFrom50Plus": undefined,
          "madeFieldGoalsFromUnder40": undefined,
          "missedExtraPoints": undefined,
          "missedFieldGoals": undefined,
          "passing2PtConversions": 0.2,
          "passingInterceptions": -2.63,
          "passingTouchdowns": 7.4,
          "passingYards": 11.33,
          "puntReturnTouchdown": undefined,
          "receiving2PtConversions": undefined,
          "receivingReceptions": undefined,
          "receivingTouchdowns": undefined,
          "receivingYards": undefined,
          "rushing2PtConversions": 0.02,
          "rushingTouchdowns": 1.54,
          "rushingYards": 2.41,
        },
        "stats": BoxscorePlayerPointStats {},
        "totalPoints": undefined,
      },
    ],
    "team": Team {
      "abbreviation": "GRON",
      "awayLosses": undefined,
      "awayTies": undefined,
      "awayWinningPercentage": undefined,
      "awayWins": undefined,
      "division": Object {
        "divisionId": 1,
        "divisionName": "Division 2",
        "size": 4,
      },
      "divisionLosses": undefined,
      "divisionStanding": 4,
      "divisionTies": undefined,
      "divisionWinningPercentage": undefined,
      "divisionWins": undefined,
      "firstName": "Prestige",
      "homeLosses": undefined,
      "homeTies": undefined,
      "homeWinningPercentage": undefined,
      "homeWins": undefined,
      "lastName": "Worldwide",
      "leagueId": undefined,
      "leagueStanding": 8,
      "logoURL": "http://3219a2.medialib.glogster.com/media/f8/f81cfe4e18dba8da78f1e654f311d7852eedf937770ef0670f656835288409ca/prestige-png.png",
      "losses": undefined,
      "pointsAgainst": undefined,
      "pointsFor": undefined,
      "seasonId": undefined,
      "streakLength": undefined,
      "streakType": "ERROR: streakType not recognized",
      "teamId": 2,
      "ties": undefined,
      "waiverRank": 8,
      "winningPercentage": undefined,
      "wins": undefined,
    },
    "weekBenchProjectedScore": 75.52,
    "weekBenchScore": 0,
    "weekProjectedScore": 108.12,
    "weekScore": 0,
  },
  "homeTeam": BoxscoreTeam {
    "matchupScore": 106.78,
    "players": Array [
      BoxscorePlayer {
        "isLocked": false,
        "player": Player {
          "eligiblePositions": Array [
            "QB",
            "Bench",
          ],
          "firstName": "Aaron",
          "isActive": true,
          "isDroppable": undefined,
          "isIREligible": false,
          "jerseyNumber": "12",
          "lastName": "Rodgers",
          "percentOwned": 99.11713,
          "percentOwnedChange": 0.16773,
          "percentStarted": 68.05881,
          "playerId": 8439,
        },
        "position": "QB",
        "projectedPoints": 20.69,
        "projectedStats": BoxscorePlayerPointStats {
          "defensive0PointsAllowed": undefined,
          "defensive100To199YardsAllowed": undefined,
          "defensive14To17PointsAllowed": undefined,
          "defensive1To6PointsAllowed": undefined,
          "defensive200To299YardsAllowed": undefined,
          "defensive28To34PointsAllowed": undefined,
          "defensive350To399YardsAllowed": undefined,
          "defensive35To45PointsAllowed": undefined,
          "defensive400To449YardsAllowed": undefined,
          "defensive450To499YardsAllowed": undefined,
          "defensive500To549YardsAllowed": undefined,
          "defensive7To13PointsAllowed": undefined,
          "defensiveBlockedKickForTouchdowns": undefined,
          "defensiveBlockedKicks": undefined,
          "defensiveFumbles": undefined,
          "defensiveInterceptions": undefined,
          "defensiveOver550YardsAllowed": undefined,
          "defensiveSacks": undefined,
          "defensiveSafeties": undefined,
          "fumbleReturnTouchdown": undefined,
          "interceptionReturnTouchdown": undefined,
          "kickoffReturnTouchdown": undefined,
          "lostFumbles": -0.47,
          "madeExtraPoints": undefined,
          "madeFieldGoalsFrom40To49": undefined,
          "madeFieldGoalsFrom50Plus": undefined,
          "madeFieldGoalsFromUnder40": undefined,
          "missedExtraPoints": undefined,
          "missedFieldGoals": undefined,
          "passing2PtConversions": 0.19,
          "passingInterceptions": -0.65,
          "passingTouchdowns": 7.9,
          "passingYards": 11.3,
          "puntReturnTouchdown": undefined,
          "receiving2PtConversions": undefined,
          "receivingReceptions": undefined,
          "receivingTouchdowns": undefined,
          "receivingYards": undefined,
          "rushing2PtConversions": 0.01,
          "rushingTouchdowns": 0.67,
          "rushingYards": 1.73,
        },
        "stats": BoxscorePlayerPointStats {},
        "totalPoints": undefined,
      },
      BoxscorePlayer {
        "isLocked": false,
        "player": Player {
          "eligiblePositions": Array [
            "RB",
            "RB/WR/TE",
            "Bench",
          ],
          "firstName": "Mark",
          "isActive": true,
          "isDroppable": undefined,
          "isIREligible": false,
          "jerseyNumber": "22",
          "lastName": "Ingram II",
          "percentOwned": 94.90806,
          "percentOwnedChange": -0.60584,
          "percentStarted": 48.95206,
          "playerId": 13981,
        },
        "position": "RB",
        "projectedPoints": 8.04,
        "projectedStats": BoxscorePlayerPointStats {
          "defensive0PointsAllowed": undefined,
          "defensive100To199YardsAllowed": undefined,
          "defensive14To17PointsAllowed": undefined,
          "defensive1To6PointsAllowed": undefined,
          "defensive200To299YardsAllowed": undefined,
          "defensive28To34PointsAllowed": undefined,
          "defensive350To399YardsAllowed": undefined,
          "defensive35To45PointsAllowed": undefined,
          "defensive400To449YardsAllowed": undefined,
          "defensive450To499YardsAllowed": undefined,
          "defensive500To549YardsAllowed": undefined,
          "defensive7To13PointsAllowed": undefined,
          "defensiveBlockedKickForTouchdowns": undefined,
          "defensiveBlockedKicks": undefined,
          "defensiveFumbles": undefined,
          "defensiveInterceptions": undefined,
          "defensiveOver550YardsAllowed": undefined,
          "defensiveSacks": undefined,
          "defensiveSafeties": undefined,
          "fumbleReturnTouchdown": undefined,
          "interceptionReturnTouchdown": undefined,
          "kickoffReturnTouchdown": undefined,
          "lostFumbles": -0.24,
          "madeExtraPoints": undefined,
          "madeFieldGoalsFrom40To49": undefined,
          "madeFieldGoalsFrom50Plus": undefined,
          "madeFieldGoalsFromUnder40": undefined,
          "missedExtraPoints": undefined,
          "missedFieldGoals": undefined,
          "passing2PtConversions": undefined,
          "passingInterceptions": undefined,
          "passingTouchdowns": undefined,
          "passingYards": undefined,
          "puntReturnTouchdown": undefined,
          "receiving2PtConversions": 0.01,
          "receivingReceptions": undefined,
          "receivingTouchdowns": 0.51,
          "receivingYards": 1.35,
          "rushing2PtConversions": 0.03,
          "rushingTouchdowns": 2.5,
          "rushingYards": 3.87,
        },
        "stats": BoxscorePlayerPointStats {},
        "totalPoints": undefined,
      },
      BoxscorePlayer {
        "isLocked": false,
        "player": Player {
          "eligiblePositions": Array [
            "RB",
            "RB/WR/TE",
            "Bench",
          ],
          "firstName": "Tevin",
          "isActive": true,
          "isDroppable": undefined,
          "isIREligible": false,
          "jerseyNumber": "26",
          "lastName": "Coleman",
          "percentOwned": 91.84684,
          "percentOwnedChange": -0.5147,
          "percentStarted": 47.84997,
          "playerId": 17689,
        },
        "position": "RB",
        "projectedPoints": 10.42,
        "projectedStats": BoxscorePlayerPointStats {
          "defensive0PointsAllowed": undefined,
          "defensive100To199YardsAllowed": undefined,
          "defensive14To17PointsAllowed": undefined,
          "defensive1To6PointsAllowed": undefined,
          "defensive200To299YardsAllowed": undefined,
          "defensive28To34PointsAllowed": undefined,
          "defensive350To399YardsAllowed": undefined,
          "defensive35To45PointsAllowed": undefined,
          "defensive400To449YardsAllowed": undefined,
          "defensive450To499YardsAllowed": undefined,
          "defensive500To549YardsAllowed": undefined,
          "defensive7To13PointsAllowed": undefined,
          "defensiveBlockedKickForTouchdowns": undefined,
          "defensiveBlockedKicks": undefined,
          "defensiveFumbles": undefined,
          "defensiveInterceptions": undefined,
          "defensiveOver550YardsAllowed": undefined,
          "defensiveSacks": undefined,
          "defensiveSafeties": undefined,
          "fumbleReturnTouchdown": undefined,
          "interceptionReturnTouchdown": undefined,
          "kickoffReturnTouchdown": undefined,
          "lostFumbles": -0.13,
          "madeExtraPoints": undefined,
          "madeFieldGoalsFrom40To49": undefined,
          "madeFieldGoalsFrom50Plus": undefined,
          "madeFieldGoalsFromUnder40": undefined,
          "missedExtraPoints": undefined,
          "missedFieldGoals": undefined,
          "passing2PtConversions": undefined,
          "passingInterceptions": undefined,
          "passingTouchdowns": undefined,
          "passingYards": undefined,
          "puntReturnTouchdown": undefined,
          "receiving2PtConversions": 0.01,
          "receivingReceptions": undefined,
          "receivingTouchdowns": 0.96,
          "receivingYards": 2.41,
          "rushing2PtConversions": 0.04,
          "rushingTouchdowns": 2.1,
          "rushingYards": 5.03,
        },
        "stats": BoxscorePlayerPointStats {},
        "totalPoints": undefined,
      },
      BoxscorePlayer {
        "isLocked": false,
        "player": Player {
          "eligiblePositions": Array [
            "WR",
            "RB/WR/TE",
            "Bench",
          ],
          "firstName": "Julio",
          "isActive": true,
          "isDroppable": undefined,
          "isIREligible": false,
          "jerseyNumber": "11",
          "lastName": "Jones",
          "percentOwned": 99.93909,
          "percentOwnedChange": -0.00538,
          "percentStarted": 96.90961,
          "playerId": 13982,
        },
        "position": "WR",
        "projectedPoints": 13.67,
        "projectedStats": BoxscorePlayerPointStats {
          "defensive0PointsAllowed": undefined,
          "defensive100To199YardsAllowed": undefined,
          "defensive14To17PointsAllowed": undefined,
          "defensive1To6PointsAllowed": undefined,
          "defensive200To299YardsAllowed": undefined,
          "defensive28To34PointsAllowed": undefined,
          "defensive350To399YardsAllowed": undefined,
          "defensive35To45PointsAllowed": undefined,
          "defensive400To449YardsAllowed": undefined,
          "defensive450To499YardsAllowed": undefined,
          "defensive500To549YardsAllowed": undefined,
          "defensive7To13PointsAllowed": undefined,
          "defensiveBlockedKickForTouchdowns": undefined,
          "defensiveBlockedKicks": undefined,
          "defensiveFumbles": undefined,
          "defensiveInterceptions": undefined,
          "defensiveOver550YardsAllowed": undefined,
          "defensiveSacks": undefined,
          "defensiveSafeties": undefined,
          "fumbleReturnTouchdown": undefined,
          "interceptionReturnTouchdown": undefined,
          "kickoffReturnTouchdown": undefined,
          "lostFumbles": -0.1,
          "madeExtraPoints": undefined,
          "madeFieldGoalsFrom40To49": undefined,
          "madeFieldGoalsFrom50Plus": undefined,
          "madeFieldGoalsFromUnder40": undefined,
          "missedExtraPoints": undefined,
          "missedFieldGoals": undefined,
          "passing2PtConversions": undefined,
          "passingInterceptions": undefined,
          "passingTouchdowns": undefined,
          "passingYards": undefined,
          "puntReturnTouchdown": undefined,
          "receiving2PtConversions": 0.06,
          "receivingReceptions": undefined,
          "receivingTouchdowns": 3.92,
          "receivingYards": 9.62,
          "rushing2PtConversions": 0,
          "rushingTouchdowns": 0.03,
          "rushingYards": 0.13,
        },
        "stats": BoxscorePlayerPointStats {},
        "totalPoints": undefined,
      },
      BoxscorePlayer {
        "isLocked": false,
        "player": Player {
          "eligiblePositions": Array [
            "WR",
            "RB/WR/TE",
            "Bench",
          ],
          "firstName": "JuJu",
          "isActive": true,
          "isDroppable": undefined,
          "isIREligible": false,
          "jerseyNumber": "19",
          "lastName": "Smith-Schuster",
          "percentOwned": 99.18248,
          "percentOwnedChange": 0.02349,
          "percentStarted": 94.14488,
          "playerId": 18306,
        },
        "position": "WR",
        "projectedPoints": 12.46,
        "projectedStats": BoxscorePlayerPointStats {
          "defensive0PointsAllowed": undefined,
          "defensive100To199YardsAllowed": undefined,
          "defensive14To17PointsAllowed": undefined,
          "defensive1To6PointsAllowed": undefined,
          "defensive200To299YardsAllowed": undefined,
          "defensive28To34PointsAllowed": undefined,
          "defensive350To399YardsAllowed": undefined,
          "defensive35To45PointsAllowed": undefined,
          "defensive400To449YardsAllowed": undefined,
          "defensive450To499YardsAllowed": undefined,
          "defensive500To549YardsAllowed": undefined,
          "defensive7To13PointsAllowed": undefined,
          "defensiveBlockedKickForTouchdowns": undefined,
          "defensiveBlockedKicks": undefined,
          "defensiveFumbles": undefined,
          "defensiveInterceptions": undefined,
          "defensiveOver550YardsAllowed": undefined,
          "defensiveSacks": undefined,
          "defensiveSafeties": undefined,
          "fumbleReturnTouchdown": undefined,
          "interceptionReturnTouchdown": undefined,
          "kickoffReturnTouchdown": undefined,
          "lostFumbles": -0.06,
          "madeExtraPoints": undefined,
          "madeFieldGoalsFrom40To49": undefined,
          "madeFieldGoalsFrom50Plus": undefined,
          "madeFieldGoalsFromUnder40": undefined,
          "missedExtraPoints": undefined,
          "missedFieldGoals": undefined,
          "passing2PtConversions": undefined,
          "passingInterceptions": undefined,
          "passingTouchdowns": undefined,
          "passingYards": undefined,
          "puntReturnTouchdown": undefined,
          "receiving2PtConversions": 0.07,
          "receivingReceptions": undefined,
          "receivingTouchdowns": 4.01,
          "receivingYards": 8.44,
          "rushing2PtConversions": undefined,
          "rushingTouchdowns": undefined,
          "rushingYards": undefined,
        },
        "stats": BoxscorePlayerPointStats {},
        "totalPoints": undefined,
      },
      BoxscorePlayer {
        "isLocked": false,
        "player": Player {
          "eligiblePositions": Array [
            "TE",
            "RB/WR/TE",
            "Bench",
          ],
          "firstName": "David",
          "isActive": true,
          "isDroppable": undefined,
          "isIREligible": false,
          "jerseyNumber": "85",
          "lastName": "Njoku",
          "percentOwned": 74.04769,
          "percentOwnedChange": 0.92254,
          "percentStarted": 41.90887,
          "playerId": 18303,
        },
        "position": "TE",
        "projectedPoints": 5.27,
        "projectedStats": BoxscorePlayerPointStats {
          "defensive0PointsAllowed": undefined,
          "defensive100To199YardsAllowed": undefined,
          "defensive14To17PointsAllowed": undefined,
          "defensive1To6PointsAllowed": undefined,
          "defensive200To299YardsAllowed": undefined,
          "defensive28To34PointsAllowed": undefined,
          "defensive350To399YardsAllowed": undefined,
          "defensive35To45PointsAllowed": undefined,
          "defensive400To449YardsAllowed": undefined,
          "defensive450To499YardsAllowed": undefined,
          "defensive500To549YardsAllowed": undefined,
          "defensive7To13PointsAllowed": undefined,
          "defensiveBlockedKickForTouchdowns": undefined,
          "defensiveBlockedKicks": undefined,
          "defensiveFumbles": undefined,
          "defensiveInterceptions": undefined,
          "defensiveOver550YardsAllowed": undefined,
          "defensiveSacks": undefined,
          "defensiveSafeties": undefined,
          "fumbleReturnTouchdown": undefined,
          "interceptionReturnTouchdown": undefined,
          "kickoffReturnTouchdown": undefined,
          "lostFumbles": -0.04,
          "madeExtraPoints": undefined,
          "madeFieldGoalsFrom40To49": undefined,
          "madeFieldGoalsFrom50Plus": undefined,
          "madeFieldGoalsFromUnder40": undefined,
          "missedExtraPoints": undefined,
          "missedFieldGoals": undefined,
          "passing2PtConversions": undefined,
          "passingInterceptions": undefined,
          "passingTouchdowns": undefined,
          "passingYards": undefined,
          "puntReturnTouchdown": undefined,
          "receiving2PtConversions": 0.04,
          "receivingReceptions": undefined,
          "receivingTouchdowns": 1.42,
          "receivingYards": 3.84,
          "rushing2PtConversions": undefined,
          "rushingTouchdowns": undefined,
          "rushingYards": undefined,
        },
        "stats": BoxscorePlayerPointStats {},
        "totalPoints": undefined,
      },
      BoxscorePlayer {
        "isLocked": false,
        "player": Player {
          "eligiblePositions": Array [
            "RB",
            "RB/WR/TE",
            "Bench",
          ],
          "firstName": "Tarik",
          "isActive": true,
          "isDroppable": undefined,
          "isIREligible": false,
          "jerseyNumber": "29",
          "lastName": "Cohen",
          "percentOwned": 93.27816,
          "percentOwnedChange": -0.37,
          "percentStarted": 67.08155,
          "playerId": 18171,
        },
        "position": "RB/WR/TE",
        "projectedPoints": 8.92,
        "projectedStats": BoxscorePlayerPointStats {
          "defensive0PointsAllowed": undefined,
          "defensive100To199YardsAllowed": undefined,
          "defensive14To17PointsAllowed": undefined,
          "defensive1To6PointsAllowed": undefined,
          "defensive200To299YardsAllowed": undefined,
          "defensive28To34PointsAllowed": undefined,
          "defensive350To399YardsAllowed": undefined,
          "defensive35To45PointsAllowed": undefined,
          "defensive400To449YardsAllowed": undefined,
          "defensive450To499YardsAllowed": undefined,
          "defensive500To549YardsAllowed": undefined,
          "defensive7To13PointsAllowed": undefined,
          "defensiveBlockedKickForTouchdowns": undefined,
          "defensiveBlockedKicks": undefined,
          "defensiveFumbles": undefined,
          "defensiveInterceptions": undefined,
          "defensiveOver550YardsAllowed": undefined,
          "defensiveSacks": undefined,
          "defensiveSafeties": undefined,
          "fumbleReturnTouchdown": undefined,
          "interceptionReturnTouchdown": undefined,
          "kickoffReturnTouchdown": 0,
          "lostFumbles": -0.15,
          "madeExtraPoints": undefined,
          "madeFieldGoalsFrom40To49": undefined,
          "madeFieldGoalsFrom50Plus": undefined,
          "madeFieldGoalsFromUnder40": undefined,
          "missedExtraPoints": undefined,
          "missedFieldGoals": undefined,
          "passing2PtConversions": undefined,
          "passingInterceptions": undefined,
          "passingTouchdowns": undefined,
          "passingYards": undefined,
          "puntReturnTouchdown": 0.16,
          "receiving2PtConversions": 0.02,
          "receivingReceptions": undefined,
          "receivingTouchdowns": 1.12,
          "receivingYards": 4.53,
          "rushing2PtConversions": 0.01,
          "rushingTouchdowns": 0.69,
          "rushingYards": 2.53,
        },
        "stats": BoxscorePlayerPointStats {},
        "totalPoints": undefined,
      },
      BoxscorePlayer {
        "isLocked": false,
        "player": Player {
          "eligiblePositions": Array [
            "D/ST",
            "Bench",
          ],
          "firstName": "Bears",
          "isActive": true,
          "isDroppable": undefined,
          "isIREligible": false,
          "jerseyNumber": undefined,
          "lastName": "D/ST",
          "percentOwned": 97.30531,
          "percentOwnedChange": -0.26133,
          "percentStarted": 83.92285,
          "playerId": 60003,
        },
        "position": "D/ST",
        "projectedPoints": 6.59,
        "projectedStats": BoxscorePlayerPointStats {
          "defensive0PointsAllowed": undefined,
          "defensive100To199YardsAllowed": undefined,
          "defensive14To17PointsAllowed": undefined,
          "defensive1To6PointsAllowed": undefined,
          "defensive200To299YardsAllowed": undefined,
          "defensive28To34PointsAllowed": undefined,
          "defensive350To399YardsAllowed": undefined,
          "defensive35To45PointsAllowed": undefined,
          "defensive400To449YardsAllowed": undefined,
          "defensive450To499YardsAllowed": undefined,
          "defensive500To549YardsAllowed": undefined,
          "defensive7To13PointsAllowed": undefined,
          "defensiveBlockedKickForTouchdowns": 0.05,
          "defensiveBlockedKicks": 0.2,
          "defensiveFumbles": 1.15,
          "defensiveInterceptions": 1.84,
          "defensiveOver550YardsAllowed": undefined,
          "defensiveSacks": 2.45,
          "defensiveSafeties": 0.04,
          "fumbleReturnTouchdown": 0.16,
          "interceptionReturnTouchdown": 0.48,
          "kickoffReturnTouchdown": 0.06,
          "lostFumbles": undefined,
          "madeExtraPoints": undefined,
          "madeFieldGoalsFrom40To49": undefined,
          "madeFieldGoalsFrom50Plus": undefined,
          "madeFieldGoalsFromUnder40": undefined,
          "missedExtraPoints": undefined,
          "missedFieldGoals": undefined,
          "passing2PtConversions": undefined,
          "passingInterceptions": undefined,
          "passingTouchdowns": undefined,
          "passingYards": undefined,
          "puntReturnTouchdown": 0.16,
          "receiving2PtConversions": undefined,
          "receivingReceptions": undefined,
          "receivingTouchdowns": undefined,
          "receivingYards": undefined,
          "rushing2PtConversions": undefined,
          "rushingTouchdowns": undefined,
          "rushingYards": undefined,
        },
        "stats": BoxscorePlayerPointStats {},
        "totalPoints": undefined,
      },
      BoxscorePlayer {
        "isLocked": false,
        "player": Player {
          "eligiblePositions": Array [
            "K",
            "Bench",
          ],
          "firstName": "Wil",
          "isActive": true,
          "isDroppable": undefined,
          "isIREligible": false,
          "jerseyNumber": "3",
          "lastName": "Lutz",
          "percentOwned": 96.13351,
          "percentOwnedChange": -0.41191,
          "percentStarted": 90.28217,
          "playerId": 18104,
        },
        "position": "K",
        "projectedPoints": 8.25,
        "projectedStats": BoxscorePlayerPointStats {
          "defensive0PointsAllowed": undefined,
          "defensive100To199YardsAllowed": undefined,
          "defensive14To17PointsAllowed": undefined,
          "defensive1To6PointsAllowed": undefined,
          "defensive200To299YardsAllowed": undefined,
          "defensive28To34PointsAllowed": undefined,
          "defensive350To399YardsAllowed": undefined,
          "defensive35To45PointsAllowed": undefined,
          "defensive400To449YardsAllowed": undefined,
          "defensive450To499YardsAllowed": undefined,
          "defensive500To549YardsAllowed": undefined,
          "defensive7To13PointsAllowed": undefined,
          "defensiveBlockedKickForTouchdowns": undefined,
          "defensiveBlockedKicks": undefined,
          "defensiveFumbles": undefined,
          "defensiveInterceptions": undefined,
          "defensiveOver550YardsAllowed": undefined,
          "defensiveSacks": undefined,
          "defensiveSafeties": undefined,
          "fumbleReturnTouchdown": undefined,
          "interceptionReturnTouchdown": undefined,
          "kickoffReturnTouchdown": undefined,
          "lostFumbles": undefined,
          "madeExtraPoints": 3.1,
          "madeFieldGoalsFrom40To49": 1.8,
          "madeFieldGoalsFrom50Plus": 0.9,
          "madeFieldGoalsFromUnder40": 2.84,
          "missedExtraPoints": -0.14,
          "missedFieldGoals": -0.25,
          "passing2PtConversions": undefined,
          "passingInterceptions": undefined,
          "passingTouchdowns": undefined,
          "passingYards": undefined,
          "puntReturnTouchdown": undefined,
          "receiving2PtConversions": undefined,
          "receivingReceptions": undefined,
          "receivingTouchdowns": undefined,
          "receivingYards": undefined,
          "rushing2PtConversions": undefined,
          "rushingTouchdowns": undefined,
          "rushingYards": undefined,
        },
        "stats": BoxscorePlayerPointStats {},
        "totalPoints": undefined,
      },
      BoxscorePlayer {
        "isLocked": false,
        "player": Player {
          "eligiblePositions": Array [
            "RB",
            "RB/WR/TE",
            "Bench",
          ],
          "firstName": "Jordan",
          "isActive": true,
          "isDroppable": undefined,
          "isIREligible": false,
          "jerseyNumber": "24",
          "lastName": "Howard",
          "percentOwned": 89.07179,
          "percentOwnedChange": -0.1707,
          "percentStarted": 39.43213,
          "playerId": 17919,
        },
        "position": "Bench",
        "projectedPoints": 7.96,
        "projectedStats": BoxscorePlayerPointStats {
          "defensive0PointsAllowed": undefined,
          "defensive100To199YardsAllowed": undefined,
          "defensive14To17PointsAllowed": undefined,
          "defensive1To6PointsAllowed": undefined,
          "defensive200To299YardsAllowed": undefined,
          "defensive28To34PointsAllowed": undefined,
          "defensive350To399YardsAllowed": undefined,
          "defensive35To45PointsAllowed": undefined,
          "defensive400To449YardsAllowed": undefined,
          "defensive450To499YardsAllowed": undefined,
          "defensive500To549YardsAllowed": undefined,
          "defensive7To13PointsAllowed": undefined,
          "defensiveBlockedKickForTouchdowns": undefined,
          "defensiveBlockedKicks": undefined,
          "defensiveFumbles": undefined,
          "defensiveInterceptions": undefined,
          "defensiveOver550YardsAllowed": undefined,
          "defensiveSacks": undefined,
          "defensiveSafeties": undefined,
          "fumbleReturnTouchdown": undefined,
          "interceptionReturnTouchdown": undefined,
          "kickoffReturnTouchdown": undefined,
          "lostFumbles": -0.11,
          "madeExtraPoints": undefined,
          "madeFieldGoalsFrom40To49": undefined,
          "madeFieldGoalsFrom50Plus": undefined,
          "madeFieldGoalsFromUnder40": undefined,
          "missedExtraPoints": undefined,
          "missedFieldGoals": undefined,
          "passing2PtConversions": undefined,
          "passingInterceptions": undefined,
          "passingTouchdowns": undefined,
          "passingYards": undefined,
          "puntReturnTouchdown": undefined,
          "receiving2PtConversions": 0,
          "receivingReceptions": undefined,
          "receivingTouchdowns": 0.2,
          "receivingYards": 0.74,
          "rushing2PtConversions": 0.03,
          "rushingTouchdowns": 1.75,
          "rushingYards": 5.35,
        },
        "stats": BoxscorePlayerPointStats {},
        "totalPoints": undefined,
      },
      BoxscorePlayer {
        "isLocked": false,
        "player": Player {
          "eligiblePositions": Array [
            "WR",
            "RB/WR/TE",
            "Bench",
          ],
          "firstName": "Alshon",
          "isActive": true,
          "isDroppable": undefined,
          "isIREligible": false,
          "jerseyNumber": "17",
          "lastName": "Jeffery",
          "percentOwned": 92.35788,
          "percentOwnedChange": 1.10762,
          "percentStarted": 57.65697,
          "playerId": 14912,
        },
        "position": "Bench",
        "projectedPoints": 7.72,
        "projectedStats": BoxscorePlayerPointStats {
          "defensive0PointsAllowed": undefined,
          "defensive100To199YardsAllowed": undefined,
          "defensive14To17PointsAllowed": undefined,
          "defensive1To6PointsAllowed": undefined,
          "defensive200To299YardsAllowed": undefined,
          "defensive28To34PointsAllowed": undefined,
          "defensive350To399YardsAllowed": undefined,
          "defensive35To45PointsAllowed": undefined,
          "defensive400To449YardsAllowed": undefined,
          "defensive450To499YardsAllowed": undefined,
          "defensive500To549YardsAllowed": undefined,
          "defensive7To13PointsAllowed": undefined,
          "defensiveBlockedKickForTouchdowns": undefined,
          "defensiveBlockedKicks": undefined,
          "defensiveFumbles": undefined,
          "defensiveInterceptions": undefined,
          "defensiveOver550YardsAllowed": undefined,
          "defensiveSacks": undefined,
          "defensiveSafeties": undefined,
          "fumbleReturnTouchdown": undefined,
          "interceptionReturnTouchdown": undefined,
          "kickoffReturnTouchdown": undefined,
          "lostFumbles": -0.05,
          "madeExtraPoints": undefined,
          "madeFieldGoalsFrom40To49": undefined,
          "madeFieldGoalsFrom50Plus": undefined,
          "madeFieldGoalsFromUnder40": undefined,
          "missedExtraPoints": undefined,
          "missedFieldGoals": undefined,
          "passing2PtConversions": undefined,
          "passingInterceptions": undefined,
          "passingTouchdowns": undefined,
          "passingYards": undefined,
          "puntReturnTouchdown": undefined,
          "receiving2PtConversions": 0.04,
          "receivingReceptions": undefined,
          "receivingTouchdowns": 2.06,
          "receivingYards": 5.68,
          "rushing2PtConversions": undefined,
          "rushingTouchdowns": undefined,
          "rushingYards": undefined,
        },
        "stats": BoxscorePlayerPointStats {},
        "totalPoints": undefined,
      },
      BoxscorePlayer {
        "isLocked": false,
        "player": Player {
          "eligiblePositions": Array [
            "TE",
            "RB/WR/TE",
            "Bench",
          ],
          "firstName": "Kyle",
          "isActive": true,
          "isDroppable": undefined,
          "isIREligible": false,
          "jerseyNumber": "82",
          "lastName": "Rudolph",
          "percentOwned": 81.59176,
          "percentOwnedChange": 0.99255,
          "percentStarted": 43.8814,
          "playerId": 14054,
        },
        "position": "Bench",
        "projectedPoints": 5.93,
        "projectedStats": BoxscorePlayerPointStats {
          "defensive0PointsAllowed": undefined,
          "defensive100To199YardsAllowed": undefined,
          "defensive14To17PointsAllowed": undefined,
          "defensive1To6PointsAllowed": undefined,
          "defensive200To299YardsAllowed": undefined,
          "defensive28To34PointsAllowed": undefined,
          "defensive350To399YardsAllowed": undefined,
          "defensive35To45PointsAllowed": undefined,
          "defensive400To449YardsAllowed": undefined,
          "defensive450To499YardsAllowed": undefined,
          "defensive500To549YardsAllowed": undefined,
          "defensive7To13PointsAllowed": undefined,
          "defensiveBlockedKickForTouchdowns": undefined,
          "defensiveBlockedKicks": undefined,
          "defensiveFumbles": undefined,
          "defensiveInterceptions": undefined,
          "defensiveOver550YardsAllowed": undefined,
          "defensiveSacks": undefined,
          "defensiveSafeties": undefined,
          "fumbleReturnTouchdown": undefined,
          "interceptionReturnTouchdown": undefined,
          "kickoffReturnTouchdown": undefined,
          "lostFumbles": -0.03,
          "madeExtraPoints": undefined,
          "madeFieldGoalsFrom40To49": undefined,
          "madeFieldGoalsFrom50Plus": undefined,
          "madeFieldGoalsFromUnder40": undefined,
          "missedExtraPoints": undefined,
          "missedFieldGoals": undefined,
          "passing2PtConversions": undefined,
          "passingInterceptions": undefined,
          "passingTouchdowns": undefined,
          "passingYards": undefined,
          "puntReturnTouchdown": undefined,
          "receiving2PtConversions": 0.04,
          "receivingReceptions": undefined,
          "receivingTouchdowns": 2.03,
          "receivingYards": 3.89,
          "rushing2PtConversions": undefined,
          "rushingTouchdowns": undefined,
          "rushingYards": undefined,
        },
        "stats": BoxscorePlayerPointStats {},
        "totalPoints": undefined,
      },
      BoxscorePlayer {
        "isLocked": false,
        "player": Player {
          "eligiblePositions": Array [
            "WR",
            "RB/WR/TE",
            "Bench",
          ],
          "firstName": "Calvin",
          "isActive": true,
          "isDroppable": undefined,
          "isIREligible": false,
          "jerseyNumber": "18",
          "lastName": "Ridley",
          "percentOwned": 81.37169,
          "percentOwnedChange": 0.37551,
          "percentStarted": 27.71471,
          "playerId": 18584,
        },
        "position": "Bench",
        "projectedPoints": 7.04,
        "projectedStats": BoxscorePlayerPointStats {
          "defensive0PointsAllowed": undefined,
          "defensive100To199YardsAllowed": undefined,
          "defensive14To17PointsAllowed": undefined,
          "defensive1To6PointsAllowed": undefined,
          "defensive200To299YardsAllowed": undefined,
          "defensive28To34PointsAllowed": undefined,
          "defensive350To399YardsAllowed": undefined,
          "defensive35To45PointsAllowed": undefined,
          "defensive400To449YardsAllowed": undefined,
          "defensive450To499YardsAllowed": undefined,
          "defensive500To549YardsAllowed": undefined,
          "defensive7To13PointsAllowed": undefined,
          "defensiveBlockedKickForTouchdowns": undefined,
          "defensiveBlockedKicks": undefined,
          "defensiveFumbles": undefined,
          "defensiveInterceptions": undefined,
          "defensiveOver550YardsAllowed": undefined,
          "defensiveSacks": undefined,
          "defensiveSafeties": undefined,
          "fumbleReturnTouchdown": undefined,
          "interceptionReturnTouchdown": undefined,
          "kickoffReturnTouchdown": 0.01,
          "lostFumbles": -0.06,
          "madeExtraPoints": undefined,
          "madeFieldGoalsFrom40To49": undefined,
          "madeFieldGoalsFrom50Plus": undefined,
          "madeFieldGoalsFromUnder40": undefined,
          "missedExtraPoints": undefined,
          "missedFieldGoals": undefined,
          "passing2PtConversions": undefined,
          "passingInterceptions": undefined,
          "passingTouchdowns": undefined,
          "passingYards": undefined,
          "puntReturnTouchdown": undefined,
          "receiving2PtConversions": 0.03,
          "receivingReceptions": undefined,
          "receivingTouchdowns": 1.95,
          "receivingYards": 4.79,
          "rushing2PtConversions": 0,
          "rushingTouchdowns": 0.07,
          "rushingYards": 0.25,
        },
        "stats": BoxscorePlayerPointStats {},
        "totalPoints": undefined,
      },
      BoxscorePlayer {
        "isLocked": false,
        "player": Player {
          "eligiblePositions": Array [
            "QB",
            "Bench",
          ],
          "firstName": "Lamar",
          "isActive": true,
          "isDroppable": undefined,
          "isIREligible": false,
          "jerseyNumber": "8",
          "lastName": "Jackson",
          "percentOwned": 54.04444,
          "percentOwnedChange": 0.89046,
          "percentStarted": 16.58416,
          "playerId": 18590,
        },
        "position": "Bench",
        "projectedPoints": 17.77,
        "projectedStats": BoxscorePlayerPointStats {
          "defensive0PointsAllowed": undefined,
          "defensive100To199YardsAllowed": undefined,
          "defensive14To17PointsAllowed": undefined,
          "defensive1To6PointsAllowed": undefined,
          "defensive200To299YardsAllowed": undefined,
          "defensive28To34PointsAllowed": undefined,
          "defensive350To399YardsAllowed": undefined,
          "defensive35To45PointsAllowed": undefined,
          "defensive400To449YardsAllowed": undefined,
          "defensive450To499YardsAllowed": undefined,
          "defensive500To549YardsAllowed": undefined,
          "defensive7To13PointsAllowed": undefined,
          "defensiveBlockedKickForTouchdowns": undefined,
          "defensiveBlockedKicks": undefined,
          "defensiveFumbles": undefined,
          "defensiveInterceptions": undefined,
          "defensiveOver550YardsAllowed": undefined,
          "defensiveSacks": undefined,
          "defensiveSafeties": undefined,
          "fumbleReturnTouchdown": undefined,
          "interceptionReturnTouchdown": undefined,
          "kickoffReturnTouchdown": undefined,
          "lostFumbles": -0.75,
          "madeExtraPoints": undefined,
          "madeFieldGoalsFrom40To49": undefined,
          "madeFieldGoalsFrom50Plus": undefined,
          "madeFieldGoalsFromUnder40": undefined,
          "missedExtraPoints": undefined,
          "missedFieldGoals": undefined,
          "passing2PtConversions": 0.15,
          "passingInterceptions": -1.23,
          "passingTouchdowns": 4.41,
          "passingYards": 6.57,
          "puntReturnTouchdown": undefined,
          "receiving2PtConversions": undefined,
          "receivingReceptions": undefined,
          "receivingTouchdowns": undefined,
          "receivingYards": undefined,
          "rushing2PtConversions": 0.02,
          "rushingTouchdowns": 2.43,
          "rushingYards": 6.14,
        },
        "stats": BoxscorePlayerPointStats {},
        "totalPoints": undefined,
      },
      BoxscorePlayer {
        "isLocked": undefined,
        "player": undefined,
        "position": "Bench",
        "projectedPoints": undefined,
        "projectedStats": BoxscorePlayerPointStats {},
        "stats": BoxscorePlayerPointStats {},
        "totalPoints": undefined,
      },
      BoxscorePlayer {
        "isLocked": undefined,
        "player": undefined,
        "position": "Bench",
        "projectedPoints": undefined,
        "projectedStats": BoxscorePlayerPointStats {},
        "stats": BoxscorePlayerPointStats {},
        "totalPoints": undefined,
      },
    ],
    "team": Team {
      "abbreviation": "NUTS",
      "awayLosses": undefined,
      "awayTies": undefined,
      "awayWinningPercentage": undefined,
      "awayWins": undefined,
      "division": Object {
        "divisionId": 0,
        "divisionName": "Division 1",
        "size": 4,
      },
      "divisionLosses": undefined,
      "divisionStanding": 4,
      "divisionTies": undefined,
      "divisionWinningPercentage": undefined,
      "divisionWins": undefined,
      "firstName": "No Bell",
      "homeLosses": undefined,
      "homeTies": undefined,
      "homeWinningPercentage": undefined,
      "homeWins": undefined,
      "lastName": "Peace Prize",
      "leagueId": undefined,
      "leagueStanding": 6,
      "logoURL": "https://i.imgur.com/OQhSYj1.gif",
      "losses": undefined,
      "pointsAgainst": undefined,
      "pointsFor": undefined,
      "seasonId": undefined,
      "streakLength": undefined,
      "streakType": "ERROR: streakType not recognized",
      "teamId": 9,
      "ties": undefined,
      "waiverRank": 1,
      "winningPercentage": undefined,
      "wins": undefined,
    },
    "weekBenchProjectedScore": 46.42,
    "weekBenchScore": 0,
    "weekProjectedScore": 94.3,
    "weekScore": 0,
  },
  "leagueId": undefined,
  "matchupPeriodId": 15,
  "nflGames": Array [
    NFLGame {
      "awayTeam": NFLTeam {
        "abbreviation": "LAC",
        "id": "24",
        "name": "Los Angeles Chargers",
      },
      "awayTeamScore": 0,
      "gameDate": "2018-12-30T21:25:00.000Z",
      "gameId": 381230007,
      "gameStatus": "Game has not started",
      "homeTeam": NFLTeam {
        "abbreviation": "DEN",
        "id": "7",
        "name": "Denver Broncos",
      },
      "homeTeamScore": 0,
      "quarter": 0,
      "timeLeftInQuarter": "0:00",
    },
    NFLGame {
      "awayTeam": NFLTeam {
        "abbreviation": "DET",
        "id": "8",
        "name": "Detroit Lions",
      },
      "awayTeamScore": 0,
      "gameDate": "2018-12-30T18:00:00.000Z",
      "gameId": 381230009,
      "gameStatus": "Game has not started",
      "homeTeam": NFLTeam {
        "abbreviation": "GB",
        "id": "9",
        "name": "Green Bay Packers",
      },
      "homeTeamScore": 0,
      "quarter": 0,
      "timeLeftInQuarter": "0:00",
    },
    NFLGame {
      "awayTeam": NFLTeam {
        "abbreviation": "IND",
        "id": "11",
        "name": "Indianapolis Colts",
      },
      "awayTeamScore": 0,
      "gameDate": "2018-12-31T01:20:00.000Z",
      "gameId": 381230010,
      "gameStatus": "Game has not started",
      "homeTeam": NFLTeam {
        "abbreviation": "TEN",
        "id": "10",
        "name": "Tennessee Titans",
      },
      "homeTeamScore": 0,
      "quarter": 0,
      "timeLeftInQuarter": "0:00",
    },
    NFLGame {
      "awayTeam": NFLTeam {
        "abbreviation": "OAK",
        "id": "13",
        "name": "Oakland Raiders",
      },
      "awayTeamScore": 0,
      "gameDate": "2018-12-30T21:25:00.000Z",
      "gameId": 381230012,
      "gameStatus": "Game has not started",
      "homeTeam": NFLTeam {
        "abbreviation": "KC",
        "id": "12",
        "name": "Kansas City Chiefs",
      },
      "homeTeamScore": 0,
      "quarter": 0,
      "timeLeftInQuarter": "0:00",
    },
    NFLGame {
      "awayTeam": NFLTeam {
        "abbreviation": "SF",
        "id": "25",
        "name": "San Francisco 49ers",
      },
      "awayTeamScore": 0,
      "gameDate": "2018-12-30T21:25:00.000Z",
      "gameId": 381230014,
      "gameStatus": "Game has not started",
      "homeTeam": NFLTeam {
        "abbreviation": "LAR",
        "id": "14",
        "name": "Los Angeles Rams",
      },
      "homeTeamScore": 0,
      "quarter": 0,
      "timeLeftInQuarter": "0:00",
    },
    NFLGame {
      "awayTeam": NFLTeam {
        "abbreviation": "CHI",
        "id": "3",
        "name": "Chicago Bears",
      },
      "awayTeamScore": 0,
      "gameDate": "2018-12-30T21:25:00.000Z",
      "gameId": 381230016,
      "gameStatus": "Game has not started",
      "homeTeam": NFLTeam {
        "abbreviation": "MIN",
        "id": "16",
        "name": "Minnesota Vikings",
      },
      "homeTeamScore": 0,
      "quarter": 0,
      "timeLeftInQuarter": "0:00",
    },
    NFLGame {
      "awayTeam": NFLTeam {
        "abbreviation": "NYJ",
        "id": "20",
        "name": "New York Jets",
      },
      "awayTeamScore": 0,
      "gameDate": "2018-12-30T18:00:00.000Z",
      "gameId": 381230017,
      "gameStatus": "Game has not started",
      "homeTeam": NFLTeam {
        "abbreviation": "NE",
        "id": "17",
        "name": "New England Patriots",
      },
      "homeTeamScore": 0,
      "quarter": 0,
      "timeLeftInQuarter": "0:00",
    },
    NFLGame {
      "awayTeam": NFLTeam {
        "abbreviation": "CAR",
        "id": "29",
        "name": "Carolina Panthers",
      },
      "awayTeamScore": 0,
      "gameDate": "2018-12-30T18:00:00.000Z",
      "gameId": 381230018,
      "gameStatus": "Game has not started",
      "homeTeam": NFLTeam {
        "abbreviation": "NO",
        "id": "18",
        "name": "New Orleans Saints",
      },
      "homeTeamScore": 0,
      "quarter": 0,
      "timeLeftInQuarter": "0:00",
    },
    NFLGame {
      "awayTeam": NFLTeam {
        "abbreviation": "CIN",
        "id": "4",
        "name": "Cincinnati Bengals",
      },
      "awayTeamScore": 0,
      "gameDate": "2018-12-30T21:25:00.000Z",
      "gameId": 381230023,
      "gameStatus": "Game has not started",
      "homeTeam": NFLTeam {
        "abbreviation": "PIT",
        "id": "23",
        "name": "Pittsburgh Steelers",
      },
      "homeTeamScore": 0,
      "quarter": 0,
      "timeLeftInQuarter": "0:00",
    },
    NFLGame {
      "awayTeam": NFLTeam {
        "abbreviation": "ARI",
        "id": "22",
        "name": "Arizona Cardinals",
      },
      "awayTeamScore": 0,
      "gameDate": "2018-12-30T21:25:00.000Z",
      "gameId": 381230026,
      "gameStatus": "Game has not started",
      "homeTeam": NFLTeam {
        "abbreviation": "SEA",
        "id": "26",
        "name": "Seattle Seahawks",
      },
      "homeTeamScore": 0,
      "quarter": 0,
      "timeLeftInQuarter": "0:00",
    },
    NFLGame {
      "awayTeam": NFLTeam {
        "abbreviation": "ATL",
        "id": "1",
        "name": "Atlanta Falcons",
      },
      "awayTeamScore": 0,
      "gameDate": "2018-12-30T18:00:00.000Z",
      "gameId": 381230027,
      "gameStatus": "Game has not started",
      "homeTeam": NFLTeam {
        "abbreviation": "TB",
        "id": "27",
        "name": "Tampa Bay Buccaneers",
      },
      "homeTeamScore": 0,
      "quarter": 0,
      "timeLeftInQuarter": "0:00",
    },
    NFLGame {
      "awayTeam": NFLTeam {
        "abbreviation": "PHI",
        "id": "21",
        "name": "Philadelphia Eagles",
      },
      "awayTeamScore": 0,
      "gameDate": "2018-12-30T21:25:00.000Z",
      "gameId": 381230028,
      "gameStatus": "Game has not started",
      "homeTeam": NFLTeam {
        "abbreviation": "WSH",
        "id": "28",
        "name": "Washington Redskins",
      },
      "homeTeamScore": 0,
      "quarter": 0,
      "timeLeftInQuarter": "0:00",
    },
    NFLGame {
      "awayTeam": NFLTeam {
        "abbreviation": "CLE",
        "id": "5",
        "name": "Cleveland Browns",
      },
      "awayTeamScore": 0,
      "gameDate": "2018-12-30T21:25:00.000Z",
      "gameId": 381230033,
      "gameStatus": "Game has not started",
      "homeTeam": NFLTeam {
        "abbreviation": "BAL",
        "id": "33",
        "name": "Baltimore Ravens",
      },
      "homeTeamScore": 0,
      "quarter": 0,
      "timeLeftInQuarter": "0:00",
    },
    NFLGame {
      "awayTeam": NFLTeam {
        "abbreviation": "JAX",
        "id": "30",
        "name": "Jacksonville Jaguars",
      },
      "awayTeamScore": 0,
      "gameDate": "2018-12-30T18:00:00.000Z",
      "gameId": 381230034,
      "gameStatus": "Game has not started",
      "homeTeam": NFLTeam {
        "abbreviation": "HOU",
        "id": "34",
        "name": "Houston Texans",
      },
      "homeTeamScore": 0,
      "quarter": 0,
      "timeLeftInQuarter": "0:00",
    },
  ],
  "scoringPeriodId": 17,
  "seasonId": undefined,
  "teamId": undefined,
}
`;
